// Jest Snapshot v1, https://goo.gl/fbAQLP

exports[`Componente de transação do extrato O Snapshot do componente deve permanecer sempre o mesmo 1`] = `
<div>
  <div
    class="transacao-container"
  >
    <p>
      16/02/2022
    </p>
    <p>
      saque
    </p>
    <p>
      R$ 
      20
    </p>
  </div>
</div>
`;
